0x80000000:lui    s11,0x80007         s11=0x80007000
0x80000004:addi   ra,zero,0x011       ra=0x00000000+0x00000011=0x00000011
0x80000008:addi   sp,zero,0x022       sp=0x00000000+0x00000022=0x00000022
0x8000000c:addi   gp,zero,0x033       gp=0x00000000+0x00000033=0x00000033
0x80000010:addi   tp,zero,0x044       tp=0x00000000+0x00000044=0x00000044
0x80000014:addi   t0,zero,0x055       t0=0x00000000+0x00000055=0x00000055
0x80000018:addi   t1,zero,0x066       t1=0x00000000+0x00000066=0x00000066
0x8000001c:addi   t2,zero,0x077       t2=0x00000000+0x00000077=0x00000077
0x80000020:addi   s0,zero,0x088       s0=0x00000000+0x00000088=0x00000088
0x80000024:sb     ra,0x000(s11)       mem[0x80007000]=0x11
0x80000028:sb     sp,0x001(s11)       mem[0x80007001]=0x22
0x8000002c:sb     gp,0x002(s11)       mem[0x80007002]=0x33
0x80000030:sb     tp,0x003(s11)       mem[0x80007003]=0x44
0x80000034:sb     t0,0x004(s11)       mem[0x80007004]=0x55
0x80000038:sb     t1,0x005(s11)       mem[0x80007005]=0x66
0x8000003c:sb     t2,0x006(s11)       mem[0x80007006]=0x77
0x80000040:sb     s0,0x007(s11)       mem[0x80007007]=0x88
0x80000044:sh     ra,0x010(s11)       mem[0x80007010]=0x0011
0x80000048:sh     sp,0x012(s11)       mem[0x80007012]=0x0022
0x8000004c:sh     gp,0x014(s11)       mem[0x80007014]=0x0033
0x80000050:sh     tp,0x016(s11)       mem[0x80007016]=0x0044
0x80000054:sh     t0,0x018(s11)       mem[0x80007018]=0x0055
0x80000058:sh     t1,0x01a(s11)       mem[0x8000701a]=0x0066
0x8000005c:sh     t2,0x01c(s11)       mem[0x8000701c]=0x0077
0x80000060:sh     s0,0x01e(s11)       mem[0x8000701e]=0x0088
0x80000064:sw     ra,0x020(s11)       mem[0x80007020]=0x00000011
0x80000068:sw     sp,0x024(s11)       mem[0x80007024]=0x00000022
0x8000006c:sw     gp,0x028(s11)       mem[0x80007028]=0x00000033
0x80000070:sw     tp,0x02c(s11)       mem[0x8000702c]=0x00000044
0x80000074:sw     t0,0x030(s11)       mem[0x80007030]=0x00000055
0x80000078:sw     t1,0x034(s11)       mem[0x80007034]=0x00000066
0x8000007c:sw     t2,0x038(s11)       mem[0x80007038]=0x00000077
0x80000080:sw     s0,0x03c(s11)       mem[0x8000703c]=0x00000088
0x80000084:lb     s1,0x000(s11)       s1=mem[0x80007000]=0x00000011
0x80000088:lb     a0,0x001(s11)       a0=mem[0x80007001]=0x00000022
0x8000008c:lb     a1,0x002(s11)       a1=mem[0x80007002]=0x00000033
0x80000090:lb     a2,0x003(s11)       a2=mem[0x80007003]=0x00000044
0x80000094:lb     a3,0x004(s11)       a3=mem[0x80007004]=0x00000055
0x80000098:lb     a4,0x005(s11)       a4=mem[0x80007005]=0x00000066
0x8000009c:lb     a5,0x006(s11)       a5=mem[0x80007006]=0x00000077
0x800000a0:lb     a6,0x007(s11)       a6=mem[0x80007007]=0xffffff88
0x800000a4:lh     s1,0x010(s11)       s1=mem[0x80007010]=0x00000011
0x800000a8:lh     a0,0x012(s11)       a0=mem[0x80007012]=0x00000022
0x800000ac:lh     a1,0x014(s11)       a1=mem[0x80007014]=0x00000033
0x800000b0:lh     a2,0x016(s11)       a2=mem[0x80007016]=0x00000044
0x800000b4:lh     a3,0x018(s11)       a3=mem[0x80007018]=0x00000055
0x800000b8:lh     a4,0x01a(s11)       a4=mem[0x8000701a]=0x00000066
0x800000bc:lh     a5,0x01c(s11)       a5=mem[0x8000701c]=0x00000077
0x800000c0:lh     a6,0x01e(s11)       a6=mem[0x8000701e]=0x00000088
0x800000c4:lw     s1,0x020(s11)       s1=mem[0x80007020]=0x00000011
0x800000c8:lw     a0,0x024(s11)       a0=mem[0x80007024]=0x00000022
0x800000cc:lw     a1,0x028(s11)       a1=mem[0x80007028]=0x00000033
0x800000d0:lw     a2,0x02c(s11)       a2=mem[0x8000702c]=0x00000044
0x800000d4:lw     a3,0x030(s11)       a3=mem[0x80007030]=0x00000055
0x800000d8:lw     a4,0x034(s11)       a4=mem[0x80007034]=0x00000066
0x800000dc:lw     a5,0x038(s11)       a5=mem[0x80007038]=0x00000077
0x800000e0:lw     a6,0x03c(s11)       a6=mem[0x8000703c]=0x00000088
0x800000e4:lbu    s1,0x000(s11)       s1=mem[0x80007000]=0x00000011
0x800000e8:lbu    a0,0x001(s11)       a0=mem[0x80007001]=0x00000022
0x800000ec:lbu    a1,0x002(s11)       a1=mem[0x80007002]=0x00000033
0x800000f0:lbu    a2,0x003(s11)       a2=mem[0x80007003]=0x00000044
0x800000f4:lbu    a3,0x004(s11)       a3=mem[0x80007004]=0x00000055
0x800000f8:lbu    a4,0x005(s11)       a4=mem[0x80007005]=0x00000066
0x800000fc:lbu    a5,0x006(s11)       a5=mem[0x80007006]=0x00000077
0x80000100:lbu    a6,0x007(s11)       a6=mem[0x80007007]=0x00000088
0x80000104:lhu    s1,0x010(s11)       s1=mem[0x80007010]=0x00000011
0x80000108:lhu    a0,0x012(s11)       a0=mem[0x80007012]=0x00000022
0x8000010c:lhu    a1,0x014(s11)       a1=mem[0x80007014]=0x00000033
0x80000110:lhu    a2,0x016(s11)       a2=mem[0x80007016]=0x00000044
0x80000114:lhu    a3,0x018(s11)       a3=mem[0x80007018]=0x00000055
0x80000118:lhu    a4,0x01a(s11)       a4=mem[0x8000701a]=0x00000066
0x8000011c:lhu    a5,0x01c(s11)       a5=mem[0x8000701c]=0x00000077
0x80000120:lhu    a6,0x01e(s11)       a6=mem[0x8000701e]=0x00000088
0x80000124:add    zero,ra,sp          zero=0x00000011+0x00000022=0x00000033
0x80000128:add    gp,tp,t0            gp=0x00000044+0x00000055=0x00000099
0x8000012c:add    t1,t2,s0            t1=0x00000077+0x00000088=0x000000ff
0x80000130:add    s1,a0,a1            s1=0x00000022+0x00000033=0x00000055
0x80000134:add    a2,a3,a4            a2=0x00000055+0x00000066=0x000000bb
0x80000138:add    a5,a6,a7            a5=0x00000088+0x00000000=0x00000088
0x8000013c:add    s2,s3,s4            s2=0x00000000+0x00000000=0x00000000
0x80000140:add    s5,s6,s7            s5=0x00000000+0x00000000=0x00000000
0x80000144:sub    s8,s9,s10           s8=0x00000000-0x00000000=0x00000000
0x80000148:sub    s11,t3,t4           s11=0x00000000-0x00000000=0x00000000
0x8000014c:sub    t5,t6,zero          t5=0x00000000-0x00000000=0x00000000
0x80000150:sub    ra,sp,gp            ra=0x00000022-0x00000099=0xffffff89
0x80000154:sub    tp,t0,t1            tp=0x00000055-0x000000ff=0xffffff56
0x80000158:sub    t2,s0,s1            t2=0x00000088-0x00000055=0x00000033
0x8000015c:sub    a0,a1,a2            a0=0x00000033-0x000000bb=0xffffff78
0x80000160:sub    a3,a4,a5            a3=0x00000066-0x00000088=0xffffffde
0x80000164:sll    a6,a7,s2            a6=0x00000000<<0=0x00000000
0x80000168:sll    s3,s4,s5            s3=0x00000000<<0=0x00000000
0x8000016c:sll    s6,s7,s8            s6=0x00000000<<0=0x00000000
0x80000170:sll    s9,s10,s11          s9=0x00000000<<0=0x00000000
0x80000174:sll    t3,t4,t5            t3=0x00000000<<0=0x00000000
0x80000178:sll    t6,zero,ra          t6=0x00000000<<9=0x00000000
0x8000017c:sll    sp,gp,tp            sp=0x00000099<<22=0x26400000
0x80000180:sll    t0,t1,t2            t0=0x000000ff<<19=0x07f80000
0x80000184:slt    s0,s1,a0            s0=(0x00000055<0xffffff78)=0
0x80000188:slt    a1,a2,a3            a1=(0x000000bb<0xffffffde)=0
0x8000018c:slt    a4,a5,a6            a4=(0x00000088<0x00000000)=0
0x80000190:slt    a7,s2,s3            a7=(0x00000000<0x00000000)=0
0x80000194:slt    s4,s5,s6            s4=(0x00000000<0x00000000)=0
0x80000198:slt    s7,s8,s9            s7=(0x00000000<0x00000000)=0
0x8000019c:slt    s10,s11,t3          s10=(0x00000000<0x00000000)=0
0x800001a0:slt    t4,t5,t6            t4=(0x00000000<0x00000000)=0
0x800001a4:sltu   zero,ra,sp          zero=(0xffffff89<0x26400000)=0
0x800001a8:sltu   gp,tp,t0            gp=(0xffffff56<0x07f80000)=0
0x800001ac:sltu   t1,t2,s0            t1=(0x00000033<0x00000000)=0
0x800001b0:sltu   s1,a0,a1            s1=(0xffffff78<0x00000000)=0
0x800001b4:sltu   a2,a3,a4            a2=(0xffffffde<0x00000000)=0
0x800001b8:sltu   a5,a6,a7            a5=(0x00000000<0x00000000)=0
0x800001bc:sltu   s2,s3,s4            s2=(0x00000000<0x00000000)=0
0x800001c0:sltu   s5,s6,s7            s5=(0x00000000<0x00000000)=0
0x800001c4:xor    s8,s9,s10           s8=0x00000000^0x00000000=0x00000000
0x800001c8:xor    s11,t3,t4           s11=0x00000000^0x00000000=0x00000000
0x800001cc:xor    t5,t6,zero          t5=0x00000000^0x00000000=0x00000000
0x800001d0:xor    ra,sp,gp            ra=0x26400000^0x00000000=0x26400000
0x800001d4:xor    tp,t0,t1            tp=0x07f80000^0x00000000=0x07f80000
0x800001d8:xor    t2,s0,s1            t2=0x00000000^0x00000000=0x00000000
0x800001dc:xor    a0,a1,a2            a0=0x00000000^0x00000000=0x00000000
0x800001e0:xor    a3,a4,a5            a3=0x00000000^0x00000000=0x00000000
0x800001e4:srl    a6,a7,s2            a6=0x00000000>>0=0x00000000
0x800001e8:srl    s3,s4,s5            s3=0x00000000>>0=0x00000000
0x800001ec:srl    s6,s7,s8            s6=0x00000000>>0=0x00000000
0x800001f0:srl    s9,s10,s11          s9=0x00000000>>0=0x00000000
0x800001f4:srl    t3,t4,t5            t3=0x00000000>>0=0x00000000
0x800001f8:srl    t6,zero,ra          t6=0x00000000>>0=0x00000000
0x800001fc:srl    sp,gp,tp            sp=0x00000000>>0=0x00000000
0x80000200:srl    t0,t1,t2            t0=0x00000000>>0=0x00000000
0x80000204:sra    s0,s1,a0            s0=0x00000000>>>0=0x00000000
0x80000208:sra    a1,a2,a3            a1=0x00000000>>>0=0x00000000
0x8000020c:sra    a4,a5,a6            a4=0x00000000>>>0=0x00000000
0x80000210:sra    a7,s2,s3            a7=0x00000000>>>0=0x00000000
0x80000214:sra    s4,s5,s6            s4=0x00000000>>>0=0x00000000
0x80000218:sra    s7,s8,s9            s7=0x00000000>>>0=0x00000000
0x8000021c:sra    s10,s11,t3          s10=0x00000000>>>0=0x00000000
0x80000220:sra    t4,t5,t6            t4=0x00000000>>>0=0x00000000
0x80000224:or     zero,ra,sp          zero=0x26400000|0x00000000=0x26400000
0x80000228:or     gp,tp,t0            gp=0x07f80000|0x00000000=0x07f80000
0x8000022c:or     t1,t2,s0            t1=0x00000000|0x00000000=0x00000000
0x80000230:or     s1,a0,a1            s1=0x00000000|0x00000000=0x00000000
0x80000234:or     a2,a3,a4            a2=0x00000000|0x00000000=0x00000000
0x80000238:or     a5,a6,a7            a5=0x00000000|0x00000000=0x00000000
0x8000023c:or     s2,s3,s4            s2=0x00000000|0x00000000=0x00000000
0x80000240:or     s5,s6,s7            s5=0x00000000|0x00000000=0x00000000
0x80000244:and    s8,s9,s10           s8=0x00000000&0x00000000=0x00000000
0x80000248:and    s11,t3,t4           s11=0x00000000&0x00000000=0x00000000
0x8000024c:and    t5,t6,zero          t5=0x00000000&0x00000000=0x00000000
0x80000250:and    ra,sp,gp            ra=0x00000000&0x07f80000=0x00000000
0x80000254:and    tp,t0,t1            tp=0x00000000&0x00000000=0x00000000
0x80000258:and    t2,s0,s1            t2=0x00000000&0x00000000=0x00000000
0x8000025c:and    a0,a1,a2            a0=0x00000000&0x00000000=0x00000000
0x80000260:and    a3,a4,a5            a3=0x00000000&0x00000000=0x00000000
0x80000264:mul    a6,a7,s2            a6=0x00000000*0x00000000=0x00000000
0x80000268:mul    s3,s4,s5            s3=0x00000000*0x00000000=0x00000000
0x8000026c:mul    s6,s7,s8            s6=0x00000000*0x00000000=0x00000000
0x80000270:mul    s9,s10,s11          s9=0x00000000*0x00000000=0x00000000
0x80000274:mul    t3,t4,t5            t3=0x00000000*0x00000000=0x00000000
0x80000278:mul    t6,zero,ra          t6=0x00000000*0x00000000=0x00000000
0x8000027c:mul    sp,gp,tp            sp=0x07f80000*0x00000000=0x00000000
0x80000280:mul    t0,t1,t2            t0=0x00000000*0x00000000=0x00000000
0x80000284:mulh   s0,s1,a0            s0=0x00000000*0x00000000=0x00000000
0x80000288:mulh   a1,a2,a3            a1=0x00000000*0x00000000=0x00000000
0x8000028c:mulh   a4,a5,a6            a4=0x00000000*0x00000000=0x00000000
0x80000290:mulh   a7,s2,s3            a7=0x00000000*0x00000000=0x00000000
0x80000294:mulh   s4,s5,s6            s4=0x00000000*0x00000000=0x00000000
0x80000298:mulh   s7,s8,s9            s7=0x00000000*0x00000000=0x00000000
0x8000029c:mulh   s10,s11,t3          s10=0x00000000*0x00000000=0x00000000
0x800002a0:mulh   t4,t5,t6            t4=0x00000000*0x00000000=0x00000000
0x800002a4:mulhsu zero,ra,sp          zero=0x00000000*0x00000000=0x00000000
0x800002a8:mulhsu gp,tp,t0            gp=0x00000000*0x00000000=0x00000000
0x800002ac:mulhsu t1,t2,s0            t1=0x00000000*0x00000000=0x00000000
0x800002b0:mulhsu s1,a0,a1            s1=0x00000000*0x00000000=0x00000000
0x800002b4:mulhsu a2,a3,a4            a2=0x00000000*0x00000000=0x00000000
0x800002b8:mulhsu a5,a6,a7            a5=0x00000000*0x00000000=0x00000000
0x800002bc:mulhsu s2,s3,s4            s2=0x00000000*0x00000000=0x00000000
0x800002c0:mulhsu s5,s6,s7            s5=0x00000000*0x00000000=0x00000000
0x800002c4:mulhu  s8,s9,s10           s8=0x00000000*0x00000000=0x00000000
0x800002c8:mulhu  s11,t3,t4           s11=0x00000000*0x00000000=0x00000000
0x800002cc:mulhu  t5,t6,zero          t5=0x00000000*0x00000000=0x00000000
0x800002d0:mulhu  ra,sp,gp            ra=0x00000000*0x00000000=0x00000000
0x800002d4:mulhu  tp,t0,t1            tp=0x00000000*0x00000000=0x00000000
0x800002d8:mulhu  t2,s0,s1            t2=0x00000000*0x00000000=0x00000000
0x800002dc:mulhu  a0,a1,a2            a0=0x00000000*0x00000000=0x00000000
0x800002e0:mulhu  a3,a4,a5            a3=0x00000000*0x00000000=0x00000000
0x800002e4:addi   ra,zero,0x064       ra=0x00000000+0x00000064=0x00000064
0x800002e8:addi   sp,zero,0x001       sp=0x00000000+0x00000001=0x00000001
0x800002ec:div    gp,ra,sp            gp=0x00000064/0x00000001=0x00000064
0x800002f0:addi   ra,zero,0x065       ra=0x00000000+0x00000065=0x00000065
0x800002f4:addi   sp,zero,0x002       sp=0x00000000+0x00000002=0x00000002
0x800002f8:div    tp,ra,sp            tp=0x00000065/0x00000002=0x00000032
0x800002fc:addi   ra,zero,0x066       ra=0x00000000+0x00000066=0x00000066
0x80000300:addi   sp,zero,0x003       sp=0x00000000+0x00000003=0x00000003
0x80000304:div    t0,ra,sp            t0=0x00000066/0x00000003=0x00000022
0x80000308:addi   ra,zero,0x067       ra=0x00000000+0x00000067=0x00000067
0x8000030c:addi   sp,zero,0x004       sp=0x00000000+0x00000004=0x00000004
0x80000310:div    t1,ra,sp            t1=0x00000067/0x00000004=0x00000019
0x80000314:addi   ra,zero,0x068       ra=0x00000000+0x00000068=0x00000068
0x80000318:addi   sp,zero,0x005       sp=0x00000000+0x00000005=0x00000005
0x8000031c:div    t2,ra,sp            t2=0x00000068/0x00000005=0x00000014
0x80000320:addi   ra,zero,0x069       ra=0x00000000+0x00000069=0x00000069
0x80000324:addi   sp,zero,0x006       sp=0x00000000+0x00000006=0x00000006
0x80000328:div    s0,ra,sp            s0=0x00000069/0x00000006=0x00000011
0x8000032c:addi   ra,zero,0x06a       ra=0x00000000+0x0000006a=0x0000006a
0x80000330:addi   sp,zero,0x007       sp=0x00000000+0x00000007=0x00000007
0x80000334:div    s1,ra,sp            s1=0x0000006a/0x00000007=0x0000000f
0x80000338:addi   ra,zero,0x06b       ra=0x00000000+0x0000006b=0x0000006b
0x8000033c:addi   sp,zero,0x008       sp=0x00000000+0x00000008=0x00000008
0x80000340:div    a0,ra,sp            a0=0x0000006b/0x00000008=0x0000000d
0x80000344:addi   ra,zero,0x064       ra=0x00000000+0x00000064=0x00000064
0x80000348:addi   sp,zero,0x001       sp=0x00000000+0x00000001=0x00000001
0x8000034c:divu   a1,ra,sp            a1=0x00000064/0x00000001=0x00000064
0x80000350:addi   ra,zero,0x065       ra=0x00000000+0x00000065=0x00000065
0x80000354:addi   sp,zero,0x002       sp=0x00000000+0x00000002=0x00000002
0x80000358:divu   a2,ra,sp            a2=0x00000065/0x00000002=0x00000032
0x8000035c:addi   ra,zero,0x066       ra=0x00000000+0x00000066=0x00000066
0x80000360:addi   sp,zero,0x003       sp=0x00000000+0x00000003=0x00000003
0x80000364:divu   a3,ra,sp            a3=0x00000066/0x00000003=0x00000022
0x80000368:addi   ra,zero,0x067       ra=0x00000000+0x00000067=0x00000067
0x8000036c:addi   sp,zero,0x004       sp=0x00000000+0x00000004=0x00000004
0x80000370:divu   a4,ra,sp            a4=0x00000067/0x00000004=0x00000019
0x80000374:addi   ra,zero,0x068       ra=0x00000000+0x00000068=0x00000068
0x80000378:addi   sp,zero,0x005       sp=0x00000000+0x00000005=0x00000005
0x8000037c:divu   a5,ra,sp            a5=0x00000068/0x00000005=0x00000014
0x80000380:addi   ra,zero,0x069       ra=0x00000000+0x00000069=0x00000069
0x80000384:addi   sp,zero,0x006       sp=0x00000000+0x00000006=0x00000006
0x80000388:divu   a6,ra,sp            a6=0x00000069/0x00000006=0x00000011
0x8000038c:addi   ra,zero,0x06a       ra=0x00000000+0x0000006a=0x0000006a
0x80000390:addi   sp,zero,0x007       sp=0x00000000+0x00000007=0x00000007
0x80000394:divu   a7,ra,sp            a7=0x0000006a/0x00000007=0x0000000f
0x80000398:addi   ra,zero,0x06b       ra=0x00000000+0x0000006b=0x0000006b
0x8000039c:addi   sp,zero,0x008       sp=0x00000000+0x00000008=0x00000008
0x800003a0:divu   s2,ra,sp            s2=0x0000006b/0x00000008=0x0000000d
0x800003a4:addi   ra,zero,0x064       ra=0x00000000+0x00000064=0x00000064
0x800003a8:addi   sp,zero,0x001       sp=0x00000000+0x00000001=0x00000001
0x800003ac:rem    s3,ra,sp            s3=0x00000064%0x00000001=0x00000000
0x800003b0:addi   ra,zero,0x065       ra=0x00000000+0x00000065=0x00000065
0x800003b4:addi   sp,zero,0x002       sp=0x00000000+0x00000002=0x00000002
0x800003b8:rem    s4,ra,sp            s4=0x00000065%0x00000002=0x00000001
0x800003bc:addi   ra,zero,0x066       ra=0x00000000+0x00000066=0x00000066
0x800003c0:addi   sp,zero,0x003       sp=0x00000000+0x00000003=0x00000003
0x800003c4:rem    s5,ra,sp            s5=0x00000066%0x00000003=0x00000000
0x800003c8:addi   ra,zero,0x067       ra=0x00000000+0x00000067=0x00000067
0x800003cc:addi   sp,zero,0x004       sp=0x00000000+0x00000004=0x00000004
0x800003d0:rem    s6,ra,sp            s6=0x00000067%0x00000004=0x00000003
0x800003d4:addi   ra,zero,0x068       ra=0x00000000+0x00000068=0x00000068
0x800003d8:addi   sp,zero,0x005       sp=0x00000000+0x00000005=0x00000005
0x800003dc:rem    s7,ra,sp            s7=0x00000068%0x00000005=0x00000004
0x800003e0:addi   ra,zero,0x069       ra=0x00000000+0x00000069=0x00000069
0x800003e4:addi   sp,zero,0x006       sp=0x00000000+0x00000006=0x00000006
0x800003e8:rem    s8,ra,sp            s8=0x00000069%0x00000006=0x00000003
0x800003ec:addi   ra,zero,0x06a       ra=0x00000000+0x0000006a=0x0000006a
0x800003f0:addi   sp,zero,0x007       sp=0x00000000+0x00000007=0x00000007
0x800003f4:rem    s9,ra,sp            s9=0x0000006a%0x00000007=0x00000001
0x800003f8:addi   ra,zero,0x06b       ra=0x00000000+0x0000006b=0x0000006b
0x800003fc:addi   sp,zero,0x008       sp=0x00000000+0x00000008=0x00000008
0x80000400:rem    s10,ra,sp           s10=0x0000006b%0x00000008=0x00000003
0x80000404:addi   ra,zero,0x064       ra=0x00000000+0x00000064=0x00000064
0x80000408:addi   sp,zero,0x001       sp=0x00000000+0x00000001=0x00000001
0x8000040c:remu   s11,ra,sp           s11=0x00000064%0x00000001=0x00000000
0x80000410:addi   ra,zero,0x065       ra=0x00000000+0x00000065=0x00000065
0x80000414:addi   sp,zero,0x002       sp=0x00000000+0x00000002=0x00000002
0x80000418:remu   t3,ra,sp            t3=0x00000065%0x00000002=0x00000001
0x8000041c:addi   ra,zero,0x066       ra=0x00000000+0x00000066=0x00000066
0x80000420:addi   sp,zero,0x003       sp=0x00000000+0x00000003=0x00000003
0x80000424:remu   t4,ra,sp            t4=0x00000066%0x00000003=0x00000000
0x80000428:addi   ra,zero,0x067       ra=0x00000000+0x00000067=0x00000067
0x8000042c:addi   sp,zero,0x004       sp=0x00000000+0x00000004=0x00000004
0x80000430:remu   t5,ra,sp            t5=0x00000067%0x00000004=0x00000003
0x80000434:addi   ra,zero,0x068       ra=0x00000000+0x00000068=0x00000068
0x80000438:addi   sp,zero,0x005       sp=0x00000000+0x00000005=0x00000005
0x8000043c:remu   gp,ra,sp            gp=0x00000068%0x00000005=0x00000004
0x80000440:addi   ra,zero,0x069       ra=0x00000000+0x00000069=0x00000069
0x80000444:addi   sp,zero,0x006       sp=0x00000000+0x00000006=0x00000006
0x80000448:remu   tp,ra,sp            tp=0x00000069%0x00000006=0x00000003
0x8000044c:addi   ra,zero,0x06a       ra=0x00000000+0x0000006a=0x0000006a
0x80000450:addi   sp,zero,0x007       sp=0x00000000+0x00000007=0x00000007
0x80000454:remu   t0,ra,sp            t0=0x0000006a%0x00000007=0x00000001
0x80000458:addi   ra,zero,0x06b       ra=0x00000000+0x0000006b=0x0000006b
0x8000045c:addi   sp,zero,0x008       sp=0x00000000+0x00000008=0x00000008
0x80000460:remu   t1,ra,sp            t1=0x0000006b%0x00000008=0x00000003
0x80000464:addi   t0,t1,0x003         t0=0x00000003+0x00000003=0x00000006
0x80000468:addi   t2,s0,0x006         t2=0x00000011+0x00000006=0x00000017
0x8000046c:addi   s1,a0,0x009         s1=0x0000000d+0x00000009=0x00000016
0x80000470:addi   a1,a2,0x00c         a1=0x00000032+0x0000000c=0x0000003e
0x80000474:addi   a3,a4,0x00f         a3=0x00000019+0x0000000f=0x00000028
0x80000478:addi   a5,a6,0x012         a5=0x00000011+0x00000012=0x00000023
0x8000047c:addi   a7,s2,0x015         a7=0x0000000d+0x00000015=0x00000022
0x80000480:addi   s3,s4,0x018         s3=0x00000001+0x00000018=0x00000019
0x80000484:slti   s5,s6,0x003         s5=(0x00000003<0x00000003)=0
0x80000488:slti   s7,s8,0x006         s7=(0x00000003<0x00000006)=1
0x8000048c:slti   s9,s10,0x009        s9=(0x00000003<0x00000009)=1
0x80000490:slti   s11,t3,0x00c        s11=(0x00000001<0x0000000c)=1
0x80000494:slti   t4,t5,0x00f         t4=(0x00000003<0x0000000f)=1
0x80000498:slti   t6,zero,0x012       t6=(0x00000000<0x00000012)=1
0x8000049c:slti   ra,sp,0x015         ra=(0x00000008<0x00000015)=1
0x800004a0:slti   gp,tp,0x018         gp=(0x00000003<0x00000018)=1
0x800004a4:sltiu  t0,t1,0x003         t0=(0x00000003<0x00000003)=0
0x800004a8:sltiu  t2,s0,0x006         t2=(0x00000011<0x00000006)=0
0x800004ac:sltiu  s1,a0,0x009         s1=(0x0000000d<0x00000009)=0
0x800004b0:sltiu  a1,a2,0x00c         a1=(0x00000032<0x0000000c)=0
0x800004b4:sltiu  a3,a4,0x00f         a3=(0x00000019<0x0000000f)=0
0x800004b8:sltiu  a5,a6,0x012         a5=(0x00000011<0x00000012)=1
0x800004bc:sltiu  a7,s2,0x015         a7=(0x0000000d<0x00000015)=1
0x800004c0:sltiu  s3,s4,0x018         s3=(0x00000001<0x00000018)=1
0x800004c4:xori   s5,s6,0x003         s5=0x00000003^0x00000003=0x00000000
0x800004c8:xori   s7,s8,0x006         s7=0x00000003^0x00000006=0x00000005
0x800004cc:xori   s9,s10,0x009        s9=0x00000003^0x00000009=0x0000000a
0x800004d0:xori   s11,t3,0x00c        s11=0x00000001^0x0000000c=0x0000000d
0x800004d4:xori   t4,t5,0x00f         t4=0x00000003^0x0000000f=0x0000000c
0x800004d8:xori   t6,zero,0x012       t6=0x00000000^0x00000012=0x00000012
0x800004dc:xori   ra,sp,0x015         ra=0x00000008^0x00000015=0x0000001d
0x800004e0:xori   gp,tp,0x018         gp=0x00000003^0x00000018=0x0000001b
0x800004e4:ori    t0,t1,0x003         t0=0x00000003|0x00000003=0x00000003
0x800004e8:ori    t2,s0,0x006         t2=0x00000011|0x00000006=0x00000017
0x800004ec:ori    s1,a0,0x009         s1=0x0000000d|0x00000009=0x0000000d
0x800004f0:ori    a1,a2,0x00c         a1=0x00000032|0x0000000c=0x0000003e
0x800004f4:ori    a3,a4,0x00f         a3=0x00000019|0x0000000f=0x0000001f
0x800004f8:ori    a5,a6,0x012         a5=0x00000011|0x00000012=0x00000013
0x800004fc:ori    a7,s2,0x015         a7=0x0000000d|0x00000015=0x0000001d
0x80000500:ori    s3,s4,0x018         s3=0x00000001|0x00000018=0x00000019
0x80000504:andi   s5,s6,0x003         s5=0x00000003&0x00000003=0x00000003
0x80000508:andi   s7,s8,0x006         s7=0x00000003&0x00000006=0x00000002
0x8000050c:andi   s9,s10,0x009        s9=0x00000003&0x00000009=0x00000001
0x80000510:andi   s11,t3,0x00c        s11=0x00000001&0x0000000c=0x00000000
0x80000514:andi   t4,t5,0x00f         t4=0x00000003&0x0000000f=0x00000003
0x80000518:andi   t6,zero,0x012       t6=0x00000000&0x00000012=0x00000000
0x8000051c:andi   ra,sp,0x015         ra=0x00000008&0x00000015=0x00000000
0x80000520:andi   gp,tp,0x018         gp=0x00000003&0x00000018=0x00000000
0x80000524:slli   t2,s0,1             t2=0x00000011<<1=0x00000022
0x80000528:slli   a1,a2,2             a1=0x00000032<<2=0x000000c8
0x8000052c:slli   a5,a6,3             a5=0x00000011<<3=0x00000088
0x80000530:slli   s3,s4,4             s3=0x00000001<<4=0x00000010
0x80000534:slli   s7,s8,5             s7=0x00000003<<5=0x00000060
0x80000538:slli   s11,t3,6            s11=0x00000001<<6=0x00000040
0x8000053c:slli   t6,zero,7           t6=0x00000000<<7=0x00000000
0x80000540:slli   gp,tp,8             gp=0x00000003<<8=0x00000300
0x80000544:srli   t2,s0,1             t2=0x00000011>>1=0x00000008
0x80000548:srli   a1,a2,2             a1=0x00000032>>2=0x0000000c
0x8000054c:srli   a5,a6,3             a5=0x00000011>>3=0x00000002
0x80000550:srli   s3,s4,4             s3=0x00000001>>4=0x00000000
0x80000554:srli   s7,s8,5             s7=0x00000003>>5=0x00000000
0x80000558:srli   s11,t3,6            s11=0x00000001>>6=0x00000000
0x8000055c:srli   t6,zero,7           t6=0x00000000>>7=0x00000000
0x80000560:srli   gp,tp,8             gp=0x00000003>>8=0x00000000
0x80000564:srai   t2,s0,1             t2=0x00000011>>>1=0x00000008
0x80000568:srai   a1,a2,2             a1=0x00000032>>>2=0x0000000c
0x8000056c:srai   a5,a6,3             a5=0x00000011>>>3=0x00000002
0x80000570:srai   s3,s4,4             s3=0x00000001>>>4=0x00000000
0x80000574:srai   s7,s8,5             s7=0x00000003>>>5=0x00000000
0x80000578:srai   s11,t3,6            s11=0x00000001>>>6=0x00000000
0x8000057c:srai   t6,zero,7           t6=0x00000000>>>7=0x00000000
0x80000580:srai   gp,tp,8             gp=0x00000003>>>8=0x00000000
0x80000584:lui    gp,0x10000          gp=0x10000000
0x80000588:lui    t1,0x10001          t1=0x10001000
0x8000058c:lui    s1,0x10002          s1=0x10002000
0x80000590:lui    a2,0x10003          a2=0x10003000
0x80000594:lui    a5,0x10004          a5=0x10004000
0x80000598:lui    s2,0x10005          s2=0x10005000
0x8000059c:lui    s5,0x10006          s5=0x10006000
0x800005a0:lui    s8,0x10007          s8=0x10007000
0x800005a4:auipc  tp,0x00010          tp=0x800005a4+0x00010000=0x800105a4
0x800005a8:auipc  t2,0x00011          t2=0x800005a8+0x00011000=0x800115a8
0x800005ac:auipc  a0,0x00012          a0=0x800005ac+0x00012000=0x800125ac
0x800005b0:auipc  a3,0x00013          a3=0x800005b0+0x00013000=0x800135b0
0x800005b4:auipc  a6,0x00014          a6=0x800005b4+0x00014000=0x800145b4
0x800005b8:auipc  s3,0x00015          s3=0x800005b8+0x00015000=0x800155b8
0x800005bc:auipc  s6,0x00016          s6=0x800005bc+0x00016000=0x800165bc
0x800005c0:auipc  s9,0x00017          s9=0x800005c0+0x00017000=0x800175c0
0x800005c4:add    zero,ra,sp          zero=0x00000000+0x00000008=0x00000008
0x800005c8:add    gp,tp,t0            gp=0x800105a4+0x00000003=0x800105a7
0x800005cc:add    t1,t2,s0            t1=0x800115a8+0x00000011=0x800115b9
0x800005d0:add    s1,a0,a1            s1=0x800125ac+0x0000000c=0x800125b8
0x800005d4:add    a2,a3,a4            a2=0x800135b0+0x00000019=0x800135c9
0x800005d8:add    a5,a6,a7            a5=0x800145b4+0x0000001d=0x800145d1
0x800005dc:add    s2,s3,s4            s2=0x800155b8+0x00000001=0x800155b9
0x800005e0:add    s5,s6,s7            s5=0x800165bc+0x00000000=0x800165bc
0x800005e4:add    s8,s9,s10           s8=0x800175c0+0x00000003=0x800175c3
0x800005e8:add    s11,t3,t4           s11=0x00000001+0x00000003=0x00000004
0x800005ec:add    t5,t6,zero          t5=0x00000000+0x00000000=0x00000000
0x800005f0:add    ra,sp,gp            ra=0x00000008+0x800105a7=0x800105af
0x800005f4:add    tp,t0,t1            tp=0x00000003+0x800115b9=0x800115bc
0x800005f8:add    t2,s0,s1            t2=0x00000011+0x800125b8=0x800125c9
0x800005fc:add    a0,a1,a2            a0=0x0000000c+0x800135c9=0x800135d5
0x80000600:add    a3,a4,a5            a3=0x00000019+0x800145d1=0x800145ea
0x80000604:add    a6,a7,s2            a6=0x0000001d+0x800155b9=0x800155d6
0x80000608:add    s3,s4,s5            s3=0x00000001+0x800165bc=0x800165bd
0x8000060c:add    s6,s7,s8            s6=0x00000000+0x800175c3=0x800175c3
0x80000610:add    s9,s10,s11          s9=0x00000003+0x00000004=0x00000007
0x80000614:add    t3,t4,t5            t3=0x00000003+0x00000000=0x00000003
0x80000618:add    t6,zero,ra          t6=0x00000000+0x800105af=0x800105af
0x8000061c:add    sp,gp,tp            sp=0x800105a7+0x800115bc=0x00021b63
0x80000620:add    t0,t1,t2            t0=0x800115b9+0x800125c9=0x00023b82
0x80000624:add    s0,s1,a0            s0=0x800125b8+0x800135d5=0x00025b8d
0x80000628:add    a1,a2,a3            a1=0x800135c9+0x800145ea=0x00027bb3
0x8000062c:add    a4,a5,a6            a4=0x800145d1+0x800155d6=0x00029ba7
0x80000630:add    a7,s2,s3            a7=0x800155b9+0x800165bd=0x0002bb76
0x80000634:add    s4,s5,s6            s4=0x800165bc+0x800175c3=0x0002db7f
0x80000638:add    s7,s8,s9            s7=0x800175c3+0x00000007=0x800175ca
0x8000063c:add    s10,s11,t3          s10=0x00000004+0x00000003=0x00000007
0x80000640:add    t4,t5,t6            t4=0x00000000+0x800105af=0x800105af
0x80000644:add    zero,ra,sp          zero=0x800105af+0x00021b63=0x80032112
0x80000648:add    gp,tp,t0            gp=0x800115bc+0x00023b82=0x8003513e
0x8000064c:add    t1,t2,s0            t1=0x800125c9+0x00025b8d=0x80038156
0x80000650:add    s1,a0,a1            s1=0x800135d5+0x00027bb3=0x8003b188
0x80000654:add    a2,a3,a4            a2=0x800145ea+0x00029ba7=0x8003e191
0x80000658:add    a5,a6,a7            a5=0x800155d6+0x0002bb76=0x8004114c
0x8000065c:add    s2,s3,s4            s2=0x800165bd+0x0002db7f=0x8004413c
0x80000660:add    s5,s6,s7            s5=0x800175c3+0x800175ca=0x0002eb8d
0x80000664:add    s8,s9,s10           s8=0x00000007+0x00000007=0x0000000e
0x80000668:add    s11,t3,t4           s11=0x00000003+0x800105af=0x800105b2
0x8000066c:add    t5,t6,zero          t5=0x800105af+0x00000000=0x800105af
0x80000670:add    ra,sp,gp            ra=0x00021b63+0x8003513e=0x80056ca1
0x80000674:add    tp,t0,t1            tp=0x00023b82+0x80038156=0x8005bcd8
0x80000678:add    t2,s0,s1            t2=0x00025b8d+0x8003b188=0x80060d15
0x8000067c:add    a0,a1,a2            a0=0x00027bb3+0x8003e191=0x80065d44
0x80000680:add    a3,a4,a5            a3=0x00029ba7+0x8004114c=0x8006acf3
0x80000684:add    a6,a7,s2            a6=0x0002bb76+0x8004413c=0x8006fcb2
0x80000688:add    s3,s4,s5            s3=0x0002db7f+0x0002eb8d=0x0005c70c
0x8000068c:add    s6,s7,s8            s6=0x800175ca+0x0000000e=0x800175d8
0x80000690:add    s9,s10,s11          s9=0x00000007+0x800105b2=0x800105b9
0x80000694:add    t3,t4,t5            t3=0x800105af+0x800105af=0x00020b5e
0x80000698:add    t6,zero,ra          t6=0x00000000+0x80056ca1=0x80056ca1
0x8000069c:add    sp,gp,tp            sp=0x8003513e+0x8005bcd8=0x00090e16
0x800006a0:add    t0,t1,t2            t0=0x80038156+0x80060d15=0x00098e6b
0x800006a4:add    s0,s1,a0            s0=0x8003b188+0x80065d44=0x000a0ecc
0x800006a8:add    a1,a2,a3            a1=0x8003e191+0x8006acf3=0x000a8e84
0x800006ac:add    a4,a5,a6            a4=0x8004114c+0x8006fcb2=0x000b0dfe
0x800006b0:add    a7,s2,s3            a7=0x8004413c+0x0005c70c=0x800a0848
0x800006b4:add    s4,s5,s6            s4=0x0002eb8d+0x800175d8=0x80046165
0x800006b8:add    s7,s8,s9            s7=0x0000000e+0x800105b9=0x800105c7
0x800006bc:add    s10,s11,t3          s10=0x800105b2+0x00020b5e=0x80031110
0x800006c0:add    t4,t5,t6            t4=0x800105af+0x80056ca1=0x00067250
0x800006c4:addi   ra,zero,0x001       ra=0x00000000+0x00000001=0x00000001
0x800006c8:beq    zero,ra,0x002       (0x00000000==0x00000001)=0->pc=0x800006cc
0x800006cc:beq    zero,ra,0x004       (0x00000000==0x00000001)=0->pc=0x800006d0
0x800006d0:beq    zero,ra,0x006       (0x00000000==0x00000001)=0->pc=0x800006d4
0x800006d4:beq    zero,ra,0x008       (0x00000000==0x00000001)=0->pc=0x800006d8
0x800006d8:beq    zero,ra,0x00a       (0x00000000==0x00000001)=0->pc=0x800006dc
0x800006dc:beq    zero,ra,0x00c       (0x00000000==0x00000001)=0->pc=0x800006e0
0x800006e0:beq    zero,ra,0x00e       (0x00000000==0x00000001)=0->pc=0x800006e4
0x800006e4:beq    zero,ra,0x010       (0x00000000==0x00000001)=0->pc=0x800006e8
0x800006e8:bne    zero,zero,0x002     (0x00000000!=0x00000000)=0->pc=0x800006ec
0x800006ec:bne    zero,zero,0x004     (0x00000000!=0x00000000)=0->pc=0x800006f0
0x800006f0:bne    zero,zero,0x006     (0x00000000!=0x00000000)=0->pc=0x800006f4
0x800006f4:bne    zero,zero,0x008     (0x00000000!=0x00000000)=0->pc=0x800006f8
0x800006f8:bne    zero,zero,0x00a     (0x00000000!=0x00000000)=0->pc=0x800006fc
0x800006fc:bne    zero,zero,0x00c     (0x00000000!=0x00000000)=0->pc=0x80000700
0x80000700:bne    zero,zero,0x00e     (0x00000000!=0x00000000)=0->pc=0x80000704
0x80000704:bne    zero,zero,0x010     (0x00000000!=0x00000000)=0->pc=0x80000708
0x80000708:blt    zero,zero,0x002     (0x00000000<0x00000000)=0->pc=0x8000070c
0x8000070c:blt    zero,zero,0x004     (0x00000000<0x00000000)=0->pc=0x80000710
0x80000710:blt    zero,zero,0x006     (0x00000000<0x00000000)=0->pc=0x80000714
0x80000714:blt    zero,zero,0x008     (0x00000000<0x00000000)=0->pc=0x80000718
0x80000718:blt    zero,zero,0x00a     (0x00000000<0x00000000)=0->pc=0x8000071c
0x8000071c:blt    zero,zero,0x00c     (0x00000000<0x00000000)=0->pc=0x80000720
0x80000720:blt    zero,zero,0x00e     (0x00000000<0x00000000)=0->pc=0x80000724
0x80000724:blt    zero,zero,0x010     (0x00000000<0x00000000)=0->pc=0x80000728
0x80000728:bge    zero,ra,0x002       (0x00000000>=0x00000001)=0->pc=0x8000072c
0x8000072c:bge    zero,ra,0x004       (0x00000000>=0x00000001)=0->pc=0x80000730
0x80000730:bge    zero,ra,0x006       (0x00000000>=0x00000001)=0->pc=0x80000734
0x80000734:bge    zero,ra,0x008       (0x00000000>=0x00000001)=0->pc=0x80000738
0x80000738:bge    zero,ra,0x00a       (0x00000000>=0x00000001)=0->pc=0x8000073c
0x8000073c:bge    zero,ra,0x00c       (0x00000000>=0x00000001)=0->pc=0x80000740
0x80000740:bge    zero,ra,0x00e       (0x00000000>=0x00000001)=0->pc=0x80000744
0x80000744:bge    zero,ra,0x010       (0x00000000>=0x00000001)=0->pc=0x80000748
0x80000748:bltu   zero,zero,0x002     (0x00000000<0x00000000)=0->pc=0x8000074c
0x8000074c:bltu   zero,zero,0x004     (0x00000000<0x00000000)=0->pc=0x80000750
0x80000750:bltu   zero,zero,0x006     (0x00000000<0x00000000)=0->pc=0x80000754
0x80000754:bltu   zero,zero,0x008     (0x00000000<0x00000000)=0->pc=0x80000758
0x80000758:bltu   zero,zero,0x00a     (0x00000000<0x00000000)=0->pc=0x8000075c
0x8000075c:bltu   zero,zero,0x00c     (0x00000000<0x00000000)=0->pc=0x80000760
0x80000760:bltu   zero,zero,0x00e     (0x00000000<0x00000000)=0->pc=0x80000764
0x80000764:bltu   zero,zero,0x010     (0x00000000<0x00000000)=0->pc=0x80000768
0x80000768:bgeu   zero,ra,0x002       (0x00000000>=0x00000001)=0->pc=0x8000076c
0x8000076c:bgeu   zero,ra,0x004       (0x00000000>=0x00000001)=0->pc=0x80000770
0x80000770:bgeu   zero,ra,0x006       (0x00000000>=0x00000001)=0->pc=0x80000774
0x80000774:bgeu   zero,ra,0x008       (0x00000000>=0x00000001)=0->pc=0x80000778
0x80000778:bgeu   zero,ra,0x00a       (0x00000000>=0x00000001)=0->pc=0x8000077c
0x8000077c:bgeu   zero,ra,0x00c       (0x00000000>=0x00000001)=0->pc=0x80000780
0x80000780:bgeu   zero,ra,0x00e       (0x00000000>=0x00000001)=0->pc=0x80000784
0x80000784:bgeu   zero,ra,0x010       (0x00000000>=0x00000001)=0->pc=0x80000788
0x80000788:jal    s1,0x00002          pc=0x8000078c,s1=0x8000078c
0x8000078c:jal    a0,0x00002          pc=0x80000790,a0=0x80000790
0x80000790:jal    a1,0x00002          pc=0x80000794,a1=0x80000794
0x80000794:jal    a2,0x00002          pc=0x80000798,a2=0x80000798
0x80000798:jal    a3,0x00002          pc=0x8000079c,a3=0x8000079c
0x8000079c:jal    a4,0x00002          pc=0x800007a0,a4=0x800007a0
0x800007a0:jal    a5,0x00002          pc=0x800007a4,a5=0x800007a4
0x800007a4:jal    a6,0x00002          pc=0x800007a8,a6=0x800007a8
0x800007a8:auipc  t6,0x00000          t6=0x800007a8+0x00000000=0x800007a8
0x800007ac:addi   t6,t6,0x00c         t6=0x800007a8+0x0000000c=0x800007b4
0x800007b0:jalr   ra,t6,0x000         pc=0x800007b4+0x00000000,ra=0x800007b4
0x800007b4:auipc  t6,0x00000          t6=0x800007b4+0x00000000=0x800007b4
0x800007b8:addi   t6,t6,0x00c         t6=0x800007b4+0x0000000c=0x800007c0
0x800007bc:jalr   sp,t6,0x000         pc=0x800007c0+0x00000000,sp=0x800007c0
0x800007c0:auipc  t6,0x00000          t6=0x800007c0+0x00000000=0x800007c0
0x800007c4:addi   t6,t6,0x00c         t6=0x800007c0+0x0000000c=0x800007cc
0x800007c8:jalr   gp,t6,0x000         pc=0x800007cc+0x00000000,gp=0x800007cc
0x800007cc:auipc  t6,0x00000          t6=0x800007cc+0x00000000=0x800007cc
0x800007d0:addi   t6,t6,0x00c         t6=0x800007cc+0x0000000c=0x800007d8
0x800007d4:jalr   tp,t6,0x000         pc=0x800007d8+0x00000000,tp=0x800007d8
0x800007d8:auipc  t6,0x00000          t6=0x800007d8+0x00000000=0x800007d8
0x800007dc:addi   t6,t6,0x00c         t6=0x800007d8+0x0000000c=0x800007e4
0x800007e0:jalr   t0,t6,0x000         pc=0x800007e4+0x00000000,t0=0x800007e4
0x800007e4:auipc  t6,0x00000          t6=0x800007e4+0x00000000=0x800007e4
0x800007e8:addi   t6,t6,0x00c         t6=0x800007e4+0x0000000c=0x800007f0
0x800007ec:jalr   t1,t6,0x000         pc=0x800007f0+0x00000000,t1=0x800007f0
0x800007f0:auipc  t6,0x00000          t6=0x800007f0+0x00000000=0x800007f0
0x800007f4:addi   t6,t6,0x00c         t6=0x800007f0+0x0000000c=0x800007fc
0x800007f8:jalr   t2,t6,0x000         pc=0x800007fc+0x00000000,t2=0x800007fc
0x800007fc:auipc  t6,0x00000          t6=0x800007fc+0x00000000=0x800007fc
0x80000800:addi   t6,t6,0x00c         t6=0x800007fc+0x0000000c=0x80000808
0x80000804:jalr   s0,t6,0x000         pc=0x80000808+0x00000000,s0=0x80000808
0x80000808:ebreak
